Archive member included to satisfy reference by file (symbol)

C:/ti/mspm0_sdk_1_10_01_05/source/ti/driverlib/lib/gcc/m0p/mspm0l11xx_l13xx/driverlib.a(dl_common.o)
                              ./valve-sensor.o (DL_Common_delayCycles)
C:/ti/mspm0_sdk_1_10_01_05/source/ti/driverlib/lib/gcc/m0p/mspm0l11xx_l13xx/driverlib.a(dl_spi.o)
                              ./syscfg/ti_msp_dl_config.o (DL_SPI_init)
C:/ti/mspm0_sdk_1_10_01_05/source/ti/driverlib/lib/gcc/m0p/mspm0l11xx_l13xx/driverlib.a(dl_uart.o)
                              ./syscfg/ti_msp_dl_config.o (DL_UART_init)
c:/ti/gcc_arm_none_eabi_9_2_1/bin/../lib/gcc/arm-none-eabi/9.2.1/thumb/v6-m/nofp\libgcc.a(_udivsi3.o)
                              C:/ti/mspm0_sdk_1_10_01_05/source/ti/driverlib/lib/gcc/m0p/mspm0l11xx_l13xx/driverlib.a(dl_uart.o) (__aeabi_uidiv)
c:/ti/gcc_arm_none_eabi_9_2_1/bin/../lib/gcc/arm-none-eabi/9.2.1/thumb/v6-m/nofp\libgcc.a(_dvmd_tls.o)
                              c:/ti/gcc_arm_none_eabi_9_2_1/bin/../lib/gcc/arm-none-eabi/9.2.1/thumb/v6-m/nofp\libgcc.a(_udivsi3.o) (__aeabi_idiv0)
C:/ti/gcc_arm_none_eabi_9_2_1/arm-none-eabi/lib/thumb/v6-m/nofp\libc.a(lib_a-exit.o)
                              c:/ti/gcc_arm_none_eabi_9_2_1/bin/../lib/gcc/arm-none-eabi/9.2.1/../../../../arm-none-eabi/lib/thumb/v6-m/nofp/crt0.o (exit)
C:/ti/gcc_arm_none_eabi_9_2_1/arm-none-eabi/lib/thumb/v6-m/nofp\libc.a(lib_a-impure.o)
                              C:/ti/gcc_arm_none_eabi_9_2_1/arm-none-eabi/lib/thumb/v6-m/nofp\libc.a(lib_a-exit.o) (_global_impure_ptr)
C:/ti/gcc_arm_none_eabi_9_2_1/arm-none-eabi/lib/thumb/v6-m/nofp\libc.a(lib_a-init.o)
                              c:/ti/gcc_arm_none_eabi_9_2_1/bin/../lib/gcc/arm-none-eabi/9.2.1/../../../../arm-none-eabi/lib/thumb/v6-m/nofp/crt0.o (__libc_init_array)
C:/ti/gcc_arm_none_eabi_9_2_1/arm-none-eabi/lib/thumb/v6-m/nofp\libc.a(lib_a-memset.o)
                              c:/ti/gcc_arm_none_eabi_9_2_1/bin/../lib/gcc/arm-none-eabi/9.2.1/../../../../arm-none-eabi/lib/thumb/v6-m/nofp/crt0.o (memset)
C:/ti/gcc_arm_none_eabi_9_2_1/arm-none-eabi/lib/thumb/v6-m/nofp\libc.a(lib_a-__call_atexit.o)
                              C:/ti/gcc_arm_none_eabi_9_2_1/arm-none-eabi/lib/thumb/v6-m/nofp\libc.a(lib_a-exit.o) (__call_exitprocs)
C:/ti/gcc_arm_none_eabi_9_2_1/arm-none-eabi/lib/thumb/v6-m/nofp\libc.a(lib_a-atexit.o)
                              C:/ti/gcc_arm_none_eabi_9_2_1/arm-none-eabi/lib/thumb/v6-m/nofp\libc.a(lib_a-__call_atexit.o) (atexit)
C:/ti/gcc_arm_none_eabi_9_2_1/arm-none-eabi/lib/thumb/v6-m/nofp\libc.a(lib_a-fini.o)
                              C:/ti/gcc_arm_none_eabi_9_2_1/arm-none-eabi/lib/thumb/v6-m/nofp\libc.a(lib_a-__call_atexit.o) (__libc_fini_array)
C:/ti/gcc_arm_none_eabi_9_2_1/arm-none-eabi/lib/thumb/v6-m/nofp\libc.a(lib_a-lock.o)
                              C:/ti/gcc_arm_none_eabi_9_2_1/arm-none-eabi/lib/thumb/v6-m/nofp\libc.a(lib_a-__call_atexit.o) (__retarget_lock_acquire_recursive)
C:/ti/gcc_arm_none_eabi_9_2_1/arm-none-eabi/lib/thumb/v6-m/nofp\libc.a(lib_a-__atexit.o)
                              C:/ti/gcc_arm_none_eabi_9_2_1/arm-none-eabi/lib/thumb/v6-m/nofp\libc.a(lib_a-atexit.o) (__register_exitproc)
C:/ti/gcc_arm_none_eabi_9_2_1/arm-none-eabi/lib/thumb/v6-m/nofp\libnosys.a(_exit.o)
                              C:/ti/gcc_arm_none_eabi_9_2_1/arm-none-eabi/lib/thumb/v6-m/nofp\libc.a(lib_a-exit.o) (_exit)

Allocating common symbols
Common symbol       size              file

__lock___atexit_recursive_mutex
                    0x1               C:/ti/gcc_arm_none_eabi_9_2_1/arm-none-eabi/lib/thumb/v6-m/nofp\libc.a(lib_a-lock.o)
__lock___arc4random_mutex
                    0x1               C:/ti/gcc_arm_none_eabi_9_2_1/arm-none-eabi/lib/thumb/v6-m/nofp\libc.a(lib_a-lock.o)
__lock___env_recursive_mutex
                    0x1               C:/ti/gcc_arm_none_eabi_9_2_1/arm-none-eabi/lib/thumb/v6-m/nofp\libc.a(lib_a-lock.o)
__lock___sinit_recursive_mutex
                    0x1               C:/ti/gcc_arm_none_eabi_9_2_1/arm-none-eabi/lib/thumb/v6-m/nofp\libc.a(lib_a-lock.o)
__lock___malloc_recursive_mutex
                    0x1               C:/ti/gcc_arm_none_eabi_9_2_1/arm-none-eabi/lib/thumb/v6-m/nofp\libc.a(lib_a-lock.o)
__lock___at_quick_exit_mutex
                    0x1               C:/ti/gcc_arm_none_eabi_9_2_1/arm-none-eabi/lib/thumb/v6-m/nofp\libc.a(lib_a-lock.o)
__lock___dd_hash_mutex
                    0x1               C:/ti/gcc_arm_none_eabi_9_2_1/arm-none-eabi/lib/thumb/v6-m/nofp\libc.a(lib_a-lock.o)
__lock___tz_mutex   0x1               C:/ti/gcc_arm_none_eabi_9_2_1/arm-none-eabi/lib/thumb/v6-m/nofp\libc.a(lib_a-lock.o)
__lock___sfp_recursive_mutex
                    0x1               C:/ti/gcc_arm_none_eabi_9_2_1/arm-none-eabi/lib/thumb/v6-m/nofp\libc.a(lib_a-lock.o)

Discarded input sections

 .rodata.UART0  0x00000000        0x4 C:/ti/mspm0_sdk_1_10_01_05/source/ti/driverlib/lib/gcc/m0p/mspm0l11xx_l13xx/driverlib.a(dl_common.o)
 .rodata.FLASHCTL
                0x00000000        0x4 C:/ti/mspm0_sdk_1_10_01_05/source/ti/driverlib/lib/gcc/m0p/mspm0l11xx_l13xx/driverlib.a(dl_common.o)
 .rodata.SPI0   0x00000000        0x4 C:/ti/mspm0_sdk_1_10_01_05/source/ti/driverlib/lib/gcc/m0p/mspm0l11xx_l13xx/driverlib.a(dl_common.o)
 .rodata.I2C0   0x00000000        0x4 C:/ti/mspm0_sdk_1_10_01_05/source/ti/driverlib/lib/gcc/m0p/mspm0l11xx_l13xx/driverlib.a(dl_common.o)
 .rodata.CPUSS  0x00000000        0x4 C:/ti/mspm0_sdk_1_10_01_05/source/ti/driverlib/lib/gcc/m0p/mspm0l11xx_l13xx/driverlib.a(dl_common.o)
 .rodata.GPIOA  0x00000000        0x4 C:/ti/mspm0_sdk_1_10_01_05/source/ti/driverlib/lib/gcc/m0p/mspm0l11xx_l13xx/driverlib.a(dl_common.o)
 .rodata.UART1  0x00000000        0x4 C:/ti/mspm0_sdk_1_10_01_05/source/ti/driverlib/lib/gcc/m0p/mspm0l11xx_l13xx/driverlib.a(dl_common.o)
 .rodata.WWDT0  0x00000000        0x4 C:/ti/mspm0_sdk_1_10_01_05/source/ti/driverlib/lib/gcc/m0p/mspm0l11xx_l13xx/driverlib.a(dl_common.o)
 .rodata.DEBUGSS
                0x00000000        0x4 C:/ti/mspm0_sdk_1_10_01_05/source/ti/driverlib/lib/gcc/m0p/mspm0l11xx_l13xx/driverlib.a(dl_common.o)
 .rodata.VREF   0x00000000        0x4 C:/ti/mspm0_sdk_1_10_01_05/source/ti/driverlib/lib/gcc/m0p/mspm0l11xx_l13xx/driverlib.a(dl_common.o)
 .rodata.CRC    0x00000000        0x4 C:/ti/mspm0_sdk_1_10_01_05/source/ti/driverlib/lib/gcc/m0p/mspm0l11xx_l13xx/driverlib.a(dl_common.o)
 .rodata.OPA0   0x00000000        0x4 C:/ti/mspm0_sdk_1_10_01_05/source/ti/driverlib/lib/gcc/m0p/mspm0l11xx_l13xx/driverlib.a(dl_common.o)
 .rodata.TIMG1  0x00000000        0x4 C:/ti/mspm0_sdk_1_10_01_05/source/ti/driverlib/lib/gcc/m0p/mspm0l11xx_l13xx/driverlib.a(dl_common.o)
 .rodata.DMA    0x00000000        0x4 C:/ti/mspm0_sdk_1_10_01_05/source/ti/driverlib/lib/gcc/m0p/mspm0l11xx_l13xx/driverlib.a(dl_common.o)
 .rodata.COMP0  0x00000000        0x4 C:/ti/mspm0_sdk_1_10_01_05/source/ti/driverlib/lib/gcc/m0p/mspm0l11xx_l13xx/driverlib.a(dl_common.o)
 .rodata.SYSCTL
                0x00000000        0x4 C:/ti/mspm0_sdk_1_10_01_05/source/ti/driverlib/lib/gcc/m0p/mspm0l11xx_l13xx/driverlib.a(dl_common.o)
 .rodata.OPA1   0x00000000        0x4 C:/ti/mspm0_sdk_1_10_01_05/source/ti/driverlib/lib/gcc/m0p/mspm0l11xx_l13xx/driverlib.a(dl_common.o)
 .rodata.I2C1   0x00000000        0x4 C:/ti/mspm0_sdk_1_10_01_05/source/ti/driverlib/lib/gcc/m0p/mspm0l11xx_l13xx/driverlib.a(dl_common.o)
 .rodata.TIMG0  0x00000000        0x4 C:/ti/mspm0_sdk_1_10_01_05/source/ti/driverlib/lib/gcc/m0p/mspm0l11xx_l13xx/driverlib.a(dl_common.o)
 .rodata.IOMUX  0x00000000        0x4 C:/ti/mspm0_sdk_1_10_01_05/source/ti/driverlib/lib/gcc/m0p/mspm0l11xx_l13xx/driverlib.a(dl_common.o)
 .rodata.TIMG2  0x00000000        0x4 C:/ti/mspm0_sdk_1_10_01_05/source/ti/driverlib/lib/gcc/m0p/mspm0l11xx_l13xx/driverlib.a(dl_common.o)
 .rodata.TIMG4  0x00000000        0x4 C:/ti/mspm0_sdk_1_10_01_05/source/ti/driverlib/lib/gcc/m0p/mspm0l11xx_l13xx/driverlib.a(dl_common.o)
 .rodata.ADC0   0x00000000        0x4 C:/ti/mspm0_sdk_1_10_01_05/source/ti/driverlib/lib/gcc/m0p/mspm0l11xx_l13xx/driverlib.a(dl_common.o)
 .rodata.ADC0_PERIPHERALREGIONSVT
                0x00000000        0x4 C:/ti/mspm0_sdk_1_10_01_05/source/ti/driverlib/lib/gcc/m0p/mspm0l11xx_l13xx/driverlib.a(dl_common.o)
 .rodata.WUC    0x00000000        0x4 C:/ti/mspm0_sdk_1_10_01_05/source/ti/driverlib/lib/gcc/m0p/mspm0l11xx_l13xx/driverlib.a(dl_common.o)
 .rodata.FACTORYREGION
                0x00000000        0x4 C:/ti/mspm0_sdk_1_10_01_05/source/ti/driverlib/lib/gcc/m0p/mspm0l11xx_l13xx/driverlib.a(dl_common.o)
 .rodata.UART0  0x00000000        0x4 C:/ti/mspm0_sdk_1_10_01_05/source/ti/driverlib/lib/gcc/m0p/mspm0l11xx_l13xx/driverlib.a(dl_spi.o)
 .rodata.FLASHCTL
                0x00000000        0x4 C:/ti/mspm0_sdk_1_10_01_05/source/ti/driverlib/lib/gcc/m0p/mspm0l11xx_l13xx/driverlib.a(dl_spi.o)
 .rodata.SPI0   0x00000000        0x4 C:/ti/mspm0_sdk_1_10_01_05/source/ti/driverlib/lib/gcc/m0p/mspm0l11xx_l13xx/driverlib.a(dl_spi.o)
 .rodata.I2C0   0x00000000        0x4 C:/ti/mspm0_sdk_1_10_01_05/source/ti/driverlib/lib/gcc/m0p/mspm0l11xx_l13xx/driverlib.a(dl_spi.o)
 .rodata.CPUSS  0x00000000        0x4 C:/ti/mspm0_sdk_1_10_01_05/source/ti/driverlib/lib/gcc/m0p/mspm0l11xx_l13xx/driverlib.a(dl_spi.o)
 .rodata.GPIOA  0x00000000        0x4 C:/ti/mspm0_sdk_1_10_01_05/source/ti/driverlib/lib/gcc/m0p/mspm0l11xx_l13xx/driverlib.a(dl_spi.o)
 .rodata.UART1  0x00000000        0x4 C:/ti/mspm0_sdk_1_10_01_05/source/ti/driverlib/lib/gcc/m0p/mspm0l11xx_l13xx/driverlib.a(dl_spi.o)
 .rodata.WWDT0  0x00000000        0x4 C:/ti/mspm0_sdk_1_10_01_05/source/ti/driverlib/lib/gcc/m0p/mspm0l11xx_l13xx/driverlib.a(dl_spi.o)
 .rodata.DEBUGSS
                0x00000000        0x4 C:/ti/mspm0_sdk_1_10_01_05/source/ti/driverlib/lib/gcc/m0p/mspm0l11xx_l13xx/driverlib.a(dl_spi.o)
 .rodata.VREF   0x00000000        0x4 C:/ti/mspm0_sdk_1_10_01_05/source/ti/driverlib/lib/gcc/m0p/mspm0l11xx_l13xx/driverlib.a(dl_spi.o)
 .rodata.CRC    0x00000000        0x4 C:/ti/mspm0_sdk_1_10_01_05/source/ti/driverlib/lib/gcc/m0p/mspm0l11xx_l13xx/driverlib.a(dl_spi.o)
 .rodata.OPA0   0x00000000        0x4 C:/ti/mspm0_sdk_1_10_01_05/source/ti/driverlib/lib/gcc/m0p/mspm0l11xx_l13xx/driverlib.a(dl_spi.o)
 .rodata.TIMG1  0x00000000        0x4 C:/ti/mspm0_sdk_1_10_01_05/source/ti/driverlib/lib/gcc/m0p/mspm0l11xx_l13xx/driverlib.a(dl_spi.o)
 .rodata.DMA    0x00000000        0x4 C:/ti/mspm0_sdk_1_10_01_05/source/ti/driverlib/lib/gcc/m0p/mspm0l11xx_l13xx/driverlib.a(dl_spi.o)
 .rodata.COMP0  0x00000000        0x4 C:/ti/mspm0_sdk_1_10_01_05/source/ti/driverlib/lib/gcc/m0p/mspm0l11xx_l13xx/driverlib.a(dl_spi.o)
 .rodata.SYSCTL
                0x00000000        0x4 C:/ti/mspm0_sdk_1_10_01_05/source/ti/driverlib/lib/gcc/m0p/mspm0l11xx_l13xx/driverlib.a(dl_spi.o)
 .rodata.OPA1   0x00000000        0x4 C:/ti/mspm0_sdk_1_10_01_05/source/ti/driverlib/lib/gcc/m0p/mspm0l11xx_l13xx/driverlib.a(dl_spi.o)
 .rodata.I2C1   0x00000000        0x4 C:/ti/mspm0_sdk_1_10_01_05/source/ti/driverlib/lib/gcc/m0p/mspm0l11xx_l13xx/driverlib.a(dl_spi.o)
 .rodata.TIMG0  0x00000000        0x4 C:/ti/mspm0_sdk_1_10_01_05/source/ti/driverlib/lib/gcc/m0p/mspm0l11xx_l13xx/driverlib.a(dl_spi.o)
 .rodata.IOMUX  0x00000000        0x4 C:/ti/mspm0_sdk_1_10_01_05/source/ti/driverlib/lib/gcc/m0p/mspm0l11xx_l13xx/driverlib.a(dl_spi.o)
 .rodata.TIMG2  0x00000000        0x4 C:/ti/mspm0_sdk_1_10_01_05/source/ti/driverlib/lib/gcc/m0p/mspm0l11xx_l13xx/driverlib.a(dl_spi.o)
 .rodata.TIMG4  0x00000000        0x4 C:/ti/mspm0_sdk_1_10_01_05/source/ti/driverlib/lib/gcc/m0p/mspm0l11xx_l13xx/driverlib.a(dl_spi.o)
 .rodata.ADC0   0x00000000        0x4 C:/ti/mspm0_sdk_1_10_01_05/source/ti/driverlib/lib/gcc/m0p/mspm0l11xx_l13xx/driverlib.a(dl_spi.o)
 .rodata.ADC0_PERIPHERALREGIONSVT
                0x00000000        0x4 C:/ti/mspm0_sdk_1_10_01_05/source/ti/driverlib/lib/gcc/m0p/mspm0l11xx_l13xx/driverlib.a(dl_spi.o)
 .rodata.WUC    0x00000000        0x4 C:/ti/mspm0_sdk_1_10_01_05/source/ti/driverlib/lib/gcc/m0p/mspm0l11xx_l13xx/driverlib.a(dl_spi.o)
 .rodata.FACTORYREGION
                0x00000000        0x4 C:/ti/mspm0_sdk_1_10_01_05/source/ti/driverlib/lib/gcc/m0p/mspm0l11xx_l13xx/driverlib.a(dl_spi.o)
 .text.DL_SPI_enable
                0x00000000       0x24 C:/ti/mspm0_sdk_1_10_01_05/source/ti/driverlib/lib/gcc/m0p/mspm0l11xx_l13xx/driverlib.a(dl_spi.o)
 .text.DL_SPI_isTXFIFOFull
                0x00000000       0x24 C:/ti/mspm0_sdk_1_10_01_05/source/ti/driverlib/lib/gcc/m0p/mspm0l11xx_l13xx/driverlib.a(dl_spi.o)
 .text.DL_SPI_isRXFIFOEmpty
                0x00000000       0x28 C:/ti/mspm0_sdk_1_10_01_05/source/ti/driverlib/lib/gcc/m0p/mspm0l11xx_l13xx/driverlib.a(dl_spi.o)
 .text.DL_SPI_transmitData8
                0x00000000       0x22 C:/ti/mspm0_sdk_1_10_01_05/source/ti/driverlib/lib/gcc/m0p/mspm0l11xx_l13xx/driverlib.a(dl_spi.o)
 .text.DL_SPI_transmitData16
                0x00000000       0x22 C:/ti/mspm0_sdk_1_10_01_05/source/ti/driverlib/lib/gcc/m0p/mspm0l11xx_l13xx/driverlib.a(dl_spi.o)
 .text.DL_SPI_transmitData32
                0x00000000       0x1c C:/ti/mspm0_sdk_1_10_01_05/source/ti/driverlib/lib/gcc/m0p/mspm0l11xx_l13xx/driverlib.a(dl_spi.o)
 .text.DL_SPI_receiveData8
                0x00000000       0x1c C:/ti/mspm0_sdk_1_10_01_05/source/ti/driverlib/lib/gcc/m0p/mspm0l11xx_l13xx/driverlib.a(dl_spi.o)
 .text.DL_SPI_receiveData16
                0x00000000       0x1c C:/ti/mspm0_sdk_1_10_01_05/source/ti/driverlib/lib/gcc/m0p/mspm0l11xx_l13xx/driverlib.a(dl_spi.o)
 .text.DL_SPI_receiveData32
                0x00000000       0x1c C:/ti/mspm0_sdk_1_10_01_05/source/ti/driverlib/lib/gcc/m0p/mspm0l11xx_l13xx/driverlib.a(dl_spi.o)
 .text.DL_SPI_getClockConfig
                0x00000000       0x30 C:/ti/mspm0_sdk_1_10_01_05/source/ti/driverlib/lib/gcc/m0p/mspm0l11xx_l13xx/driverlib.a(dl_spi.o)
 .text.DL_SPI_receiveDataBlocking8
                0x00000000       0x28 C:/ti/mspm0_sdk_1_10_01_05/source/ti/driverlib/lib/gcc/m0p/mspm0l11xx_l13xx/driverlib.a(dl_spi.o)
 .text.DL_SPI_receiveDataBlocking16
                0x00000000       0x28 C:/ti/mspm0_sdk_1_10_01_05/source/ti/driverlib/lib/gcc/m0p/mspm0l11xx_l13xx/driverlib.a(dl_spi.o)
 .text.DL_SPI_receiveDataBlocking32
                0x00000000       0x28 C:/ti/mspm0_sdk_1_10_01_05/source/ti/driverlib/lib/gcc/m0p/mspm0l11xx_l13xx/driverlib.a(dl_spi.o)
 .text.DL_SPI_transmitDataBlocking8
                0x00000000       0x32 C:/ti/mspm0_sdk_1_10_01_05/source/ti/driverlib/lib/gcc/m0p/mspm0l11xx_l13xx/driverlib.a(dl_spi.o)
 .text.DL_SPI_transmitDataBlocking16
                0x00000000       0x32 C:/ti/mspm0_sdk_1_10_01_05/source/ti/driverlib/lib/gcc/m0p/mspm0l11xx_l13xx/driverlib.a(dl_spi.o)
 .text.DL_SPI_transmitDataBlocking32
                0x00000000       0x2c C:/ti/mspm0_sdk_1_10_01_05/source/ti/driverlib/lib/gcc/m0p/mspm0l11xx_l13xx/driverlib.a(dl_spi.o)
 .text.DL_SPI_receiveDataCheck8
                0x00000000       0x46 C:/ti/mspm0_sdk_1_10_01_05/source/ti/driverlib/lib/gcc/m0p/mspm0l11xx_l13xx/driverlib.a(dl_spi.o)
 .text.DL_SPI_receiveDataCheck16
                0x00000000       0x46 C:/ti/mspm0_sdk_1_10_01_05/source/ti/driverlib/lib/gcc/m0p/mspm0l11xx_l13xx/driverlib.a(dl_spi.o)
 .text.DL_SPI_receiveDataCheck32
                0x00000000       0x44 C:/ti/mspm0_sdk_1_10_01_05/source/ti/driverlib/lib/gcc/m0p/mspm0l11xx_l13xx/driverlib.a(dl_spi.o)
 .text.DL_SPI_transmitDataCheck8
                0x00000000       0x48 C:/ti/mspm0_sdk_1_10_01_05/source/ti/driverlib/lib/gcc/m0p/mspm0l11xx_l13xx/driverlib.a(dl_spi.o)
 .text.DL_SPI_transmitDataCheck16
                0x00000000       0x48 C:/ti/mspm0_sdk_1_10_01_05/source/ti/driverlib/lib/gcc/m0p/mspm0l11xx_l13xx/driverlib.a(dl_spi.o)
 .text.DL_SPI_transmitDataCheck32
                0x00000000       0x42 C:/ti/mspm0_sdk_1_10_01_05/source/ti/driverlib/lib/gcc/m0p/mspm0l11xx_l13xx/driverlib.a(dl_spi.o)
 .text.DL_SPI_drainRXFIFO8
                0x00000000       0x56 C:/ti/mspm0_sdk_1_10_01_05/source/ti/driverlib/lib/gcc/m0p/mspm0l11xx_l13xx/driverlib.a(dl_spi.o)
 .text.DL_SPI_drainRXFIFO16
                0x00000000       0x58 C:/ti/mspm0_sdk_1_10_01_05/source/ti/driverlib/lib/gcc/m0p/mspm0l11xx_l13xx/driverlib.a(dl_spi.o)
 .text.DL_SPI_drainRXFIFO32
                0x00000000       0x58 C:/ti/mspm0_sdk_1_10_01_05/source/ti/driverlib/lib/gcc/m0p/mspm0l11xx_l13xx/driverlib.a(dl_spi.o)
 .text.DL_SPI_fillTXFIFO8
                0x00000000       0x56 C:/ti/mspm0_sdk_1_10_01_05/source/ti/driverlib/lib/gcc/m0p/mspm0l11xx_l13xx/driverlib.a(dl_spi.o)
 .text.DL_SPI_fillTXFIFO16
                0x00000000       0x58 C:/ti/mspm0_sdk_1_10_01_05/source/ti/driverlib/lib/gcc/m0p/mspm0l11xx_l13xx/driverlib.a(dl_spi.o)
 .text.DL_SPI_saveConfiguration
                0x00000000       0xc4 C:/ti/mspm0_sdk_1_10_01_05/source/ti/driverlib/lib/gcc/m0p/mspm0l11xx_l13xx/driverlib.a(dl_spi.o)
 .text.DL_SPI_restoreConfiguration
                0x00000000       0xc8 C:/ti/mspm0_sdk_1_10_01_05/source/ti/driverlib/lib/gcc/m0p/mspm0l11xx_l13xx/driverlib.a(dl_spi.o)
 .text.DL_SPI_fillTXFIFO32
                0x00000000       0x58 C:/ti/mspm0_sdk_1_10_01_05/source/ti/driverlib/lib/gcc/m0p/mspm0l11xx_l13xx/driverlib.a(dl_spi.o)
 .rodata.UART0  0x00000000        0x4 C:/ti/mspm0_sdk_1_10_01_05/source/ti/driverlib/lib/gcc/m0p/mspm0l11xx_l13xx/driverlib.a(dl_uart.o)
 .rodata.FLASHCTL
                0x00000000        0x4 C:/ti/mspm0_sdk_1_10_01_05/source/ti/driverlib/lib/gcc/m0p/mspm0l11xx_l13xx/driverlib.a(dl_uart.o)
 .rodata.SPI0   0x00000000        0x4 C:/ti/mspm0_sdk_1_10_01_05/source/ti/driverlib/lib/gcc/m0p/mspm0l11xx_l13xx/driverlib.a(dl_uart.o)
 .rodata.I2C0   0x00000000        0x4 C:/ti/mspm0_sdk_1_10_01_05/source/ti/driverlib/lib/gcc/m0p/mspm0l11xx_l13xx/driverlib.a(dl_uart.o)
 .rodata.CPUSS  0x00000000        0x4 C:/ti/mspm0_sdk_1_10_01_05/source/ti/driverlib/lib/gcc/m0p/mspm0l11xx_l13xx/driverlib.a(dl_uart.o)
 .rodata.GPIOA  0x00000000        0x4 C:/ti/mspm0_sdk_1_10_01_05/source/ti/driverlib/lib/gcc/m0p/mspm0l11xx_l13xx/driverlib.a(dl_uart.o)
 .rodata.UART1  0x00000000        0x4 C:/ti/mspm0_sdk_1_10_01_05/source/ti/driverlib/lib/gcc/m0p/mspm0l11xx_l13xx/driverlib.a(dl_uart.o)
 .rodata.WWDT0  0x00000000        0x4 C:/ti/mspm0_sdk_1_10_01_05/source/ti/driverlib/lib/gcc/m0p/mspm0l11xx_l13xx/driverlib.a(dl_uart.o)
 .rodata.DEBUGSS
                0x00000000        0x4 C:/ti/mspm0_sdk_1_10_01_05/source/ti/driverlib/lib/gcc/m0p/mspm0l11xx_l13xx/driverlib.a(dl_uart.o)
 .rodata.VREF   0x00000000        0x4 C:/ti/mspm0_sdk_1_10_01_05/source/ti/driverlib/lib/gcc/m0p/mspm0l11xx_l13xx/driverlib.a(dl_uart.o)
 .rodata.CRC    0x00000000        0x4 C:/ti/mspm0_sdk_1_10_01_05/source/ti/driverlib/lib/gcc/m0p/mspm0l11xx_l13xx/driverlib.a(dl_uart.o)
 .rodata.OPA0   0x00000000        0x4 C:/ti/mspm0_sdk_1_10_01_05/source/ti/driverlib/lib/gcc/m0p/mspm0l11xx_l13xx/driverlib.a(dl_uart.o)
 .rodata.TIMG1  0x00000000        0x4 C:/ti/mspm0_sdk_1_10_01_05/source/ti/driverlib/lib/gcc/m0p/mspm0l11xx_l13xx/driverlib.a(dl_uart.o)
 .rodata.DMA    0x00000000        0x4 C:/ti/mspm0_sdk_1_10_01_05/source/ti/driverlib/lib/gcc/m0p/mspm0l11xx_l13xx/driverlib.a(dl_uart.o)
 .rodata.COMP0  0x00000000        0x4 C:/ti/mspm0_sdk_1_10_01_05/source/ti/driverlib/lib/gcc/m0p/mspm0l11xx_l13xx/driverlib.a(dl_uart.o)
 .rodata.SYSCTL
                0x00000000        0x4 C:/ti/mspm0_sdk_1_10_01_05/source/ti/driverlib/lib/gcc/m0p/mspm0l11xx_l13xx/driverlib.a(dl_uart.o)
 .rodata.OPA1   0x00000000        0x4 C:/ti/mspm0_sdk_1_10_01_05/source/ti/driverlib/lib/gcc/m0p/mspm0l11xx_l13xx/driverlib.a(dl_uart.o)
 .rodata.I2C1   0x00000000        0x4 C:/ti/mspm0_sdk_1_10_01_05/source/ti/driverlib/lib/gcc/m0p/mspm0l11xx_l13xx/driverlib.a(dl_uart.o)
 .rodata.TIMG0  0x00000000        0x4 C:/ti/mspm0_sdk_1_10_01_05/source/ti/driverlib/lib/gcc/m0p/mspm0l11xx_l13xx/driverlib.a(dl_uart.o)
 .rodata.IOMUX  0x00000000        0x4 C:/ti/mspm0_sdk_1_10_01_05/source/ti/driverlib/lib/gcc/m0p/mspm0l11xx_l13xx/driverlib.a(dl_uart.o)
 .rodata.TIMG2  0x00000000        0x4 C:/ti/mspm0_sdk_1_10_01_05/source/ti/driverlib/lib/gcc/m0p/mspm0l11xx_l13xx/driverlib.a(dl_uart.o)
 .rodata.TIMG4  0x00000000        0x4 C:/ti/mspm0_sdk_1_10_01_05/source/ti/driverlib/lib/gcc/m0p/mspm0l11xx_l13xx/driverlib.a(dl_uart.o)
 .rodata.ADC0   0x00000000        0x4 C:/ti/mspm0_sdk_1_10_01_05/source/ti/driverlib/lib/gcc/m0p/mspm0l11xx_l13xx/driverlib.a(dl_uart.o)
 .rodata.ADC0_PERIPHERALREGIONSVT
                0x00000000        0x4 C:/ti/mspm0_sdk_1_10_01_05/source/ti/driverlib/lib/gcc/m0p/mspm0l11xx_l13xx/driverlib.a(dl_uart.o)
 .rodata.WUC    0x00000000        0x4 C:/ti/mspm0_sdk_1_10_01_05/source/ti/driverlib/lib/gcc/m0p/mspm0l11xx_l13xx/driverlib.a(dl_uart.o)
 .rodata.FACTORYREGION
                0x00000000        0x4 C:/ti/mspm0_sdk_1_10_01_05/source/ti/driverlib/lib/gcc/m0p/mspm0l11xx_l13xx/driverlib.a(dl_uart.o)
 .text.DL_UART_enable
                0x00000000       0x26 C:/ti/mspm0_sdk_1_10_01_05/source/ti/driverlib/lib/gcc/m0p/mspm0l11xx_l13xx/driverlib.a(dl_uart.o)
 .text.DL_UART_setOversampling
                0x00000000       0x28 C:/ti/mspm0_sdk_1_10_01_05/source/ti/driverlib/lib/gcc/m0p/mspm0l11xx_l13xx/driverlib.a(dl_uart.o)
 .text.DL_UART_isRXFIFOEmpty
                0x00000000       0x28 C:/ti/mspm0_sdk_1_10_01_05/source/ti/driverlib/lib/gcc/m0p/mspm0l11xx_l13xx/driverlib.a(dl_uart.o)
 .text.DL_UART_isTXFIFOFull
                0x00000000       0x28 C:/ti/mspm0_sdk_1_10_01_05/source/ti/driverlib/lib/gcc/m0p/mspm0l11xx_l13xx/driverlib.a(dl_uart.o)
 .text.DL_UART_setBaudRateDivisor
                0x00000000       0x60 C:/ti/mspm0_sdk_1_10_01_05/source/ti/driverlib/lib/gcc/m0p/mspm0l11xx_l13xx/driverlib.a(dl_uart.o)
 .text.DL_UART_transmitData
                0x00000000       0x22 C:/ti/mspm0_sdk_1_10_01_05/source/ti/driverlib/lib/gcc/m0p/mspm0l11xx_l13xx/driverlib.a(dl_uart.o)
 .text.DL_UART_receiveData
                0x00000000       0x1c C:/ti/mspm0_sdk_1_10_01_05/source/ti/driverlib/lib/gcc/m0p/mspm0l11xx_l13xx/driverlib.a(dl_uart.o)
 .text.DL_UART_getClockConfig
                0x00000000       0x30 C:/ti/mspm0_sdk_1_10_01_05/source/ti/driverlib/lib/gcc/m0p/mspm0l11xx_l13xx/driverlib.a(dl_uart.o)
 .text.DL_UART_configBaudRate
                0x00000000       0xa8 C:/ti/mspm0_sdk_1_10_01_05/source/ti/driverlib/lib/gcc/m0p/mspm0l11xx_l13xx/driverlib.a(dl_uart.o)
 .text.DL_UART_configIrDAMode
                0x00000000       0x54 C:/ti/mspm0_sdk_1_10_01_05/source/ti/driverlib/lib/gcc/m0p/mspm0l11xx_l13xx/driverlib.a(dl_uart.o)
 .text.DL_UART_setIrDAPulseLength
                0x00000000       0x54 C:/ti/mspm0_sdk_1_10_01_05/source/ti/driverlib/lib/gcc/m0p/mspm0l11xx_l13xx/driverlib.a(dl_uart.o)
 .text.DL_UART_receiveDataBlocking
                0x00000000       0x28 C:/ti/mspm0_sdk_1_10_01_05/source/ti/driverlib/lib/gcc/m0p/mspm0l11xx_l13xx/driverlib.a(dl_uart.o)
 .text.DL_UART_transmitDataBlocking
                0x00000000       0x32 C:/ti/mspm0_sdk_1_10_01_05/source/ti/driverlib/lib/gcc/m0p/mspm0l11xx_l13xx/driverlib.a(dl_uart.o)
 .text.DL_UART_receiveDataCheck
                0x00000000       0x46 C:/ti/mspm0_sdk_1_10_01_05/source/ti/driverlib/lib/gcc/m0p/mspm0l11xx_l13xx/driverlib.a(dl_uart.o)
 .text.DL_UART_transmitDataCheck
                0x00000000       0x48 C:/ti/mspm0_sdk_1_10_01_05/source/ti/driverlib/lib/gcc/m0p/mspm0l11xx_l13xx/driverlib.a(dl_uart.o)
 .text.DL_UART_drainRXFIFO
                0x00000000       0x56 C:/ti/mspm0_sdk_1_10_01_05/source/ti/driverlib/lib/gcc/m0p/mspm0l11xx_l13xx/driverlib.a(dl_uart.o)
 .text.DL_UART_fillTXFIFO
                0x00000000       0x56 C:/ti/mspm0_sdk_1_10_01_05/source/ti/driverlib/lib/gcc/m0p/mspm0l11xx_l13xx/driverlib.a(dl_uart.o)
 .text.DL_UART_Main_saveConfiguration
                0x00000000       0xe0 C:/ti/mspm0_sdk_1_10_01_05/source/ti/driverlib/lib/gcc/m0p/mspm0l11xx_l13xx/driverlib.a(dl_uart.o)
 .text.DL_UART_Main_restoreConfiguration
                0x00000000       0xe4 C:/ti/mspm0_sdk_1_10_01_05/source/ti/driverlib/lib/gcc/m0p/mspm0l11xx_l13xx/driverlib.a(dl_uart.o)
 .text.DL_UART_Extend_saveConfiguration
                0x00000000      0x118 C:/ti/mspm0_sdk_1_10_01_05/source/ti/driverlib/lib/gcc/m0p/mspm0l11xx_l13xx/driverlib.a(dl_uart.o)
 .text.DL_UART_Extend_restoreConfiguration
                0x00000000      0x114 C:/ti/mspm0_sdk_1_10_01_05/source/ti/driverlib/lib/gcc/m0p/mspm0l11xx_l13xx/driverlib.a(dl_uart.o)
 .text.__retarget_lock_init
                0x00000000        0x4 C:/ti/gcc_arm_none_eabi_9_2_1/arm-none-eabi/lib/thumb/v6-m/nofp\libc.a(lib_a-lock.o)
 .text.__retarget_lock_init_recursive
                0x00000000        0x4 C:/ti/gcc_arm_none_eabi_9_2_1/arm-none-eabi/lib/thumb/v6-m/nofp\libc.a(lib_a-lock.o)
 .text.__retarget_lock_close
                0x00000000        0x4 C:/ti/gcc_arm_none_eabi_9_2_1/arm-none-eabi/lib/thumb/v6-m/nofp\libc.a(lib_a-lock.o)
 .text.__retarget_lock_close_recursive
                0x00000000        0x4 C:/ti/gcc_arm_none_eabi_9_2_1/arm-none-eabi/lib/thumb/v6-m/nofp\libc.a(lib_a-lock.o)
 .text.__retarget_lock_acquire
                0x00000000        0x4 C:/ti/gcc_arm_none_eabi_9_2_1/arm-none-eabi/lib/thumb/v6-m/nofp\libc.a(lib_a-lock.o)
 .text.__retarget_lock_try_acquire
                0x00000000        0x4 C:/ti/gcc_arm_none_eabi_9_2_1/arm-none-eabi/lib/thumb/v6-m/nofp\libc.a(lib_a-lock.o)
 .text.__retarget_lock_try_acquire_recursive
                0x00000000        0x4 C:/ti/gcc_arm_none_eabi_9_2_1/arm-none-eabi/lib/thumb/v6-m/nofp\libc.a(lib_a-lock.o)
 .text.__retarget_lock_release
                0x00000000        0x4 C:/ti/gcc_arm_none_eabi_9_2_1/arm-none-eabi/lib/thumb/v6-m/nofp\libc.a(lib_a-lock.o)
 .eh_frame      0x00000000        0x4 c:/ti/gcc_arm_none_eabi_9_2_1/bin/../lib/gcc/arm-none-eabi/9.2.1/thumb/v6-m/nofp/crtend.o

Memory Configuration

Name             Origin             Length             Attributes
FLASH            0x00000000         0x0000fff8         xr
SRAM             0x20000000         0x00001000         xrw
BCR_CONFIG       0x41c00000         0x00000080         r
BSL_CONFIG       0x41c00100         0x00000080         r
*default*        0x00000000         0xffffffff

Linker script and memory map

LOAD c:/ti/gcc_arm_none_eabi_9_2_1/bin/../lib/gcc/arm-none-eabi/9.2.1/thumb/v6-m/nofp/crti.o
LOAD c:/ti/gcc_arm_none_eabi_9_2_1/bin/../lib/gcc/arm-none-eabi/9.2.1/thumb/v6-m/nofp/crtbegin.o
LOAD c:/ti/gcc_arm_none_eabi_9_2_1/bin/../lib/gcc/arm-none-eabi/9.2.1/../../../../arm-none-eabi/lib/thumb/v6-m/nofp/crt0.o
LOAD ./valve-sensor.o
LOAD ./syscfg/ti_msp_dl_config.o
LOAD ./gcc/startup_mspm0l1306_gcc.o
                0x00000000                _Min_Heap_Size = 0x0
                0x00000080                _Min_Stack_Size = 0x80
                0x00000000                PROVIDE (_intvecs_base_address = DEFINED (_intvecs_base_address)?_intvecs_base_address:0x0)

.intvecs        0x00000000       0xc0
 *(.intvecs)
 .intvecs       0x00000000       0xc0 ./gcc/startup_mspm0l1306_gcc.o
                0x00000000                interruptVectors
                0x20000000                PROVIDE (_vtable_base_address = DEFINED (_vtable_base_address)?_vtable_base_address:0x20000000)

.vtable
 *(.vtable)

.text           0x000000c0      0x968
 CREATE_OBJECT_SYMBOLS
 *(.text)
 .text          0x000000c0        0x0 c:/ti/gcc_arm_none_eabi_9_2_1/bin/../lib/gcc/arm-none-eabi/9.2.1/thumb/v6-m/nofp/crti.o
 .text          0x000000c0       0x48 c:/ti/gcc_arm_none_eabi_9_2_1/bin/../lib/gcc/arm-none-eabi/9.2.1/thumb/v6-m/nofp/crtbegin.o
 .text          0x00000108       0x78 c:/ti/gcc_arm_none_eabi_9_2_1/bin/../lib/gcc/arm-none-eabi/9.2.1/../../../../arm-none-eabi/lib/thumb/v6-m/nofp/crt0.o
                0x00000108                _start
                0x00000108                _mainCRTStartup
 .text          0x00000180        0x0 ./valve-sensor.o
 .text          0x00000180        0x0 ./syscfg/ti_msp_dl_config.o
 .text          0x00000180        0x0 ./gcc/startup_mspm0l1306_gcc.o
 .text          0x00000180        0x0 C:/ti/mspm0_sdk_1_10_01_05/source/ti/driverlib/lib/gcc/m0p/mspm0l11xx_l13xx/driverlib.a(dl_common.o)
 .text          0x00000180        0x0 C:/ti/mspm0_sdk_1_10_01_05/source/ti/driverlib/lib/gcc/m0p/mspm0l11xx_l13xx/driverlib.a(dl_spi.o)
 .text          0x00000180        0x0 C:/ti/mspm0_sdk_1_10_01_05/source/ti/driverlib/lib/gcc/m0p/mspm0l11xx_l13xx/driverlib.a(dl_uart.o)
 .text          0x00000180      0x114 c:/ti/gcc_arm_none_eabi_9_2_1/bin/../lib/gcc/arm-none-eabi/9.2.1/thumb/v6-m/nofp\libgcc.a(_udivsi3.o)
                0x00000180                __aeabi_uidiv
                0x00000180                __udivsi3
                0x0000028c                __aeabi_uidivmod
 .text          0x00000294        0x4 c:/ti/gcc_arm_none_eabi_9_2_1/bin/../lib/gcc/arm-none-eabi/9.2.1/thumb/v6-m/nofp\libgcc.a(_dvmd_tls.o)
                0x00000294                __aeabi_idiv0
                0x00000294                __aeabi_ldiv0
 .text          0x00000298        0x0 C:/ti/gcc_arm_none_eabi_9_2_1/arm-none-eabi/lib/thumb/v6-m/nofp\libc.a(lib_a-exit.o)
 .text          0x00000298        0x0 C:/ti/gcc_arm_none_eabi_9_2_1/arm-none-eabi/lib/thumb/v6-m/nofp\libc.a(lib_a-impure.o)
 .text          0x00000298        0x0 C:/ti/gcc_arm_none_eabi_9_2_1/arm-none-eabi/lib/thumb/v6-m/nofp\libc.a(lib_a-init.o)
 .text          0x00000298        0x0 C:/ti/gcc_arm_none_eabi_9_2_1/arm-none-eabi/lib/thumb/v6-m/nofp\libc.a(lib_a-memset.o)
 .text          0x00000298        0x0 C:/ti/gcc_arm_none_eabi_9_2_1/arm-none-eabi/lib/thumb/v6-m/nofp\libc.a(lib_a-__call_atexit.o)
 .text          0x00000298        0x0 C:/ti/gcc_arm_none_eabi_9_2_1/arm-none-eabi/lib/thumb/v6-m/nofp\libc.a(lib_a-atexit.o)
 .text          0x00000298        0x0 C:/ti/gcc_arm_none_eabi_9_2_1/arm-none-eabi/lib/thumb/v6-m/nofp\libc.a(lib_a-fini.o)
 .text          0x00000298        0x0 C:/ti/gcc_arm_none_eabi_9_2_1/arm-none-eabi/lib/thumb/v6-m/nofp\libc.a(lib_a-lock.o)
 .text          0x00000298        0x0 C:/ti/gcc_arm_none_eabi_9_2_1/arm-none-eabi/lib/thumb/v6-m/nofp\libc.a(lib_a-__atexit.o)
 .text          0x00000298        0x0 C:/ti/gcc_arm_none_eabi_9_2_1/arm-none-eabi/lib/thumb/v6-m/nofp\libnosys.a(_exit.o)
 .text          0x00000298        0x0 c:/ti/gcc_arm_none_eabi_9_2_1/bin/../lib/gcc/arm-none-eabi/9.2.1/thumb/v6-m/nofp/crtend.o
 .text          0x00000298        0x0 c:/ti/gcc_arm_none_eabi_9_2_1/bin/../lib/gcc/arm-none-eabi/9.2.1/thumb/v6-m/nofp/crtn.o
                0x00000298                . = ALIGN (0x8)
 *(.text.*)
 .text.startup.main
                0x00000298       0x44 ./valve-sensor.o
                0x00000298                main
 .text.SYSCFG_DL_initPower
                0x000002dc       0x3c ./syscfg/ti_msp_dl_config.o
                0x000002dc                SYSCFG_DL_initPower
 .text.SYSCFG_DL_GPIO_init
                0x00000318       0x90 ./syscfg/ti_msp_dl_config.o
                0x00000318                SYSCFG_DL_GPIO_init
 .text.SYSCFG_DL_SYSCTL_init
                0x000003a8       0x20 ./syscfg/ti_msp_dl_config.o
                0x000003a8                SYSCFG_DL_SYSCTL_init
 .text.SYSCFG_DL_UART_1_init
                0x000003c8       0x78 ./syscfg/ti_msp_dl_config.o
                0x000003c8                SYSCFG_DL_UART_1_init
 .text.SYSCFG_DL_FRAM_SPI_init
                0x00000440       0x54 ./syscfg/ti_msp_dl_config.o
                0x00000440                SYSCFG_DL_FRAM_SPI_init
 .text.SYSCFG_DL_init
                0x00000494       0x18 ./syscfg/ti_msp_dl_config.o
                0x00000494                SYSCFG_DL_init
 .text.Default_Handler
                0x000004ac        0x4 ./gcc/startup_mspm0l1306_gcc.o
                0x000004ac                TIMG2_IRQHandler
                0x000004ac                I2C0_IRQHandler
                0x000004ac                HardFault_Handler
                0x000004ac                SysTick_Handler
                0x000004ac                PendSV_Handler
                0x000004ac                NMI_Handler
                0x000004ac                I2C1_IRQHandler
                0x000004ac                UART1_IRQHandler
                0x000004ac                UART0_IRQHandler
                0x000004ac                ADC0_IRQHandler
                0x000004ac                TIMG0_IRQHandler
                0x000004ac                GROUP1_IRQHandler
                0x000004ac                GROUP0_IRQHandler
                0x000004ac                Default_Handler
                0x000004ac                SVC_Handler
                0x000004ac                TIMG1_IRQHandler
                0x000004ac                SPI0_IRQHandler
                0x000004ac                DMA_IRQHandler
                0x000004ac                TIMG4_IRQHandler
 .text.Reset_Handler
                0x000004b0       0x88 ./gcc/startup_mspm0l1306_gcc.o
                0x000004b0                Reset_Handler
 .text.DL_Common_delayCycles
                0x00000538       0x18 C:/ti/mspm0_sdk_1_10_01_05/source/ti/driverlib/lib/gcc/m0p/mspm0l11xx_l13xx/driverlib.a(dl_common.o)
                0x00000538                DL_Common_delayCycles
 .text.DL_Common_updateReg
                0x00000550       0x32 C:/ti/mspm0_sdk_1_10_01_05/source/ti/driverlib/lib/gcc/m0p/mspm0l11xx_l13xx/driverlib.a(dl_spi.o)
 *fill*         0x00000582        0x2 
 .text.DL_SPI_init
                0x00000584       0x60 C:/ti/mspm0_sdk_1_10_01_05/source/ti/driverlib/lib/gcc/m0p/mspm0l11xx_l13xx/driverlib.a(dl_spi.o)
                0x00000584                DL_SPI_init
 .text.DL_SPI_setClockConfig
                0x000005e4       0x30 C:/ti/mspm0_sdk_1_10_01_05/source/ti/driverlib/lib/gcc/m0p/mspm0l11xx_l13xx/driverlib.a(dl_spi.o)
                0x000005e4                DL_SPI_setClockConfig
 .text.DL_Common_updateReg
                0x00000614       0x32 C:/ti/mspm0_sdk_1_10_01_05/source/ti/driverlib/lib/gcc/m0p/mspm0l11xx_l13xx/driverlib.a(dl_uart.o)
 .text.DL_UART_disable
                0x00000646       0x26 C:/ti/mspm0_sdk_1_10_01_05/source/ti/driverlib/lib/gcc/m0p/mspm0l11xx_l13xx/driverlib.a(dl_uart.o)
 .text.DL_UART_init
                0x0000066c       0x68 C:/ti/mspm0_sdk_1_10_01_05/source/ti/driverlib/lib/gcc/m0p/mspm0l11xx_l13xx/driverlib.a(dl_uart.o)
                0x0000066c                DL_UART_init
 .text.DL_UART_setClockConfig
                0x000006d4       0x30 C:/ti/mspm0_sdk_1_10_01_05/source/ti/driverlib/lib/gcc/m0p/mspm0l11xx_l13xx/driverlib.a(dl_uart.o)
                0x000006d4                DL_UART_setClockConfig
 .text.exit     0x00000704       0x20 C:/ti/gcc_arm_none_eabi_9_2_1/arm-none-eabi/lib/thumb/v6-m/nofp\libc.a(lib_a-exit.o)
                0x00000704                exit
 .text.__libc_init_array
                0x00000724       0x44 C:/ti/gcc_arm_none_eabi_9_2_1/arm-none-eabi/lib/thumb/v6-m/nofp\libc.a(lib_a-init.o)
                0x00000724                __libc_init_array
 .text.memset   0x00000768       0xa8 C:/ti/gcc_arm_none_eabi_9_2_1/arm-none-eabi/lib/thumb/v6-m/nofp\libc.a(lib_a-memset.o)
                0x00000768                memset
 .text.startup.register_fini
                0x00000810       0x18 C:/ti/gcc_arm_none_eabi_9_2_1/arm-none-eabi/lib/thumb/v6-m/nofp\libc.a(lib_a-__call_atexit.o)
 .text.__call_exitprocs
                0x00000828       0xe4 C:/ti/gcc_arm_none_eabi_9_2_1/arm-none-eabi/lib/thumb/v6-m/nofp\libc.a(lib_a-__call_atexit.o)
                0x00000828                __call_exitprocs
 .text.atexit   0x0000090c       0x10 C:/ti/gcc_arm_none_eabi_9_2_1/arm-none-eabi/lib/thumb/v6-m/nofp\libc.a(lib_a-atexit.o)
                0x0000090c                atexit
 .text.__libc_fini_array
                0x0000091c       0x28 C:/ti/gcc_arm_none_eabi_9_2_1/arm-none-eabi/lib/thumb/v6-m/nofp\libc.a(lib_a-fini.o)
                0x0000091c                __libc_fini_array
 .text.__retarget_lock_acquire_recursive
                0x00000944        0x4 C:/ti/gcc_arm_none_eabi_9_2_1/arm-none-eabi/lib/thumb/v6-m/nofp\libc.a(lib_a-lock.o)
                0x00000944                __retarget_lock_acquire_recursive
 .text.__retarget_lock_release_recursive
                0x00000948        0x4 C:/ti/gcc_arm_none_eabi_9_2_1/arm-none-eabi/lib/thumb/v6-m/nofp\libc.a(lib_a-lock.o)
                0x00000948                __retarget_lock_release_recursive
 .text.__register_exitproc
                0x0000094c       0xac C:/ti/gcc_arm_none_eabi_9_2_1/arm-none-eabi/lib/thumb/v6-m/nofp\libc.a(lib_a-__atexit.o)
                0x0000094c                __register_exitproc
 .text._exit    0x000009f8        0x4 C:/ti/gcc_arm_none_eabi_9_2_1/arm-none-eabi/lib/thumb/v6-m/nofp\libnosys.a(_exit.o)
                0x000009f8                _exit
                0x00000a00                . = ALIGN (0x8)
 *fill*         0x000009fc        0x4 
 *(.ctors)
                0x00000a00                . = ALIGN (0x8)
 *(.dtors)
                0x00000a00                . = ALIGN (0x8)
                0x00000a00                __init_array_start = .
 *(.init_array*)
 .init_array    0x00000a00        0x4 c:/ti/gcc_arm_none_eabi_9_2_1/bin/../lib/gcc/arm-none-eabi/9.2.1/thumb/v6-m/nofp/crtbegin.o
 .init_array.00000
                0x00000a04        0x4 C:/ti/gcc_arm_none_eabi_9_2_1/arm-none-eabi/lib/thumb/v6-m/nofp\libc.a(lib_a-__call_atexit.o)
                0x00000a08                . = ALIGN (0x8)
                0x00000a08                __init_array_end = .
 *(.init)
 .init          0x00000a08        0x4 c:/ti/gcc_arm_none_eabi_9_2_1/bin/../lib/gcc/arm-none-eabi/9.2.1/thumb/v6-m/nofp/crti.o
                0x00000a08                _init
 .init          0x00000a0c        0x8 c:/ti/gcc_arm_none_eabi_9_2_1/bin/../lib/gcc/arm-none-eabi/9.2.1/thumb/v6-m/nofp/crtn.o
                0x00000a18                . = ALIGN (0x8)
 *fill*         0x00000a14        0x4 
 *(.fini*)
 .fini          0x00000a18        0x4 c:/ti/gcc_arm_none_eabi_9_2_1/bin/../lib/gcc/arm-none-eabi/9.2.1/thumb/v6-m/nofp/crti.o
                0x00000a18                _fini
 .fini_array    0x00000a1c        0x4 c:/ti/gcc_arm_none_eabi_9_2_1/bin/../lib/gcc/arm-none-eabi/9.2.1/thumb/v6-m/nofp/crtbegin.o
 .fini          0x00000a20        0x8 c:/ti/gcc_arm_none_eabi_9_2_1/bin/../lib/gcc/arm-none-eabi/9.2.1/thumb/v6-m/nofp/crtn.o
                0x00000a28                . = ALIGN (0x8)

.glue_7         0x00000a28        0x0
 .glue_7        0x00000a28        0x0 linker stubs

.glue_7t        0x00000a28        0x0
 .glue_7t       0x00000a28        0x0 linker stubs

.vfp11_veneer   0x00000a28        0x0
 .vfp11_veneer  0x00000a28        0x0 linker stubs

.v4_bx          0x00000a28        0x0
 .v4_bx         0x00000a28        0x0 linker stubs

.iplt           0x00000a28        0x0
 .iplt          0x00000a28        0x0 c:/ti/gcc_arm_none_eabi_9_2_1/bin/../lib/gcc/arm-none-eabi/9.2.1/thumb/v6-m/nofp/crtbegin.o

.ramfunc        0x20000000        0x0 load address 0x00000a28
                0x00000a28                __ramfunct_load__ = LOADADDR (.ramfunc)
                0x20000000                __ramfunct_start__ = .
 *(.ramfunc)
                0x20000000                . = ALIGN (0x8)
                0x20000000                __ramfunct_end__ = .

.rodata         0x00000a28       0x28
 *(.rodata)
                0x00000a28                . = ALIGN (0x8)
 *(.rodata.*)
 .rodata.gFRAM_SPI_clockConfig
                0x00000a28        0x2 ./syscfg/ti_msp_dl_config.o
 *fill*         0x00000a2a        0x2 
 .rodata.gFRAM_SPI_config
                0x00000a2c        0xa ./syscfg/ti_msp_dl_config.o
 *fill*         0x00000a36        0x2 
 .rodata.gUART_1ClockConfig
                0x00000a38        0x2 ./syscfg/ti_msp_dl_config.o
 *fill*         0x00000a3a        0x2 
 .rodata.gUART_1Config
                0x00000a3c        0xa ./syscfg/ti_msp_dl_config.o
 *fill*         0x00000a46        0x2 
 .rodata._global_impure_ptr
                0x00000a48        0x4 C:/ti/gcc_arm_none_eabi_9_2_1/arm-none-eabi/lib/thumb/v6-m/nofp\libc.a(lib_a-impure.o)
                0x00000a48                _global_impure_ptr
                0x00000a50                . = ALIGN (0x8)
 *fill*         0x00000a4c        0x4 

.eh_frame       0x00000a50        0x0
 .eh_frame      0x00000a50        0x0 c:/ti/gcc_arm_none_eabi_9_2_1/bin/../lib/gcc/arm-none-eabi/9.2.1/thumb/v6-m/nofp/crtbegin.o

.ARM.exidx      0x00000a50        0x8
                0x00000a50                __exidx_start = .
 *(.ARM.exidx* .gnu.linkonce.armexidx.*)
 .ARM.exidx     0x00000a50        0x8 c:/ti/gcc_arm_none_eabi_9_2_1/bin/../lib/gcc/arm-none-eabi/9.2.1/../../../../arm-none-eabi/lib/thumb/v6-m/nofp/crt0.o
                0x00000a58                __exidx_end = .

.ARM.extab      0x00000a58        0x0
 *(.ARM.extab* .gnu.linkonce.armextab.*)
 .ARM.extab     0x00000a58        0x0 c:/ti/gcc_arm_none_eabi_9_2_1/bin/../lib/gcc/arm-none-eabi/9.2.1/../../../../arm-none-eabi/lib/thumb/v6-m/nofp/crt0.o
                0x00000a58                . = ALIGN (0x8)
                0x00000a58                __etext = .

.rel.dyn        0x00000a58        0x0
 .rel.iplt      0x00000a58        0x0 c:/ti/gcc_arm_none_eabi_9_2_1/bin/../lib/gcc/arm-none-eabi/9.2.1/thumb/v6-m/nofp/crtbegin.o

.data           0x20000000      0x438 load address 0x00000a58
                0x00000a58                __data_load__ = LOADADDR (.data)
                0x20000000                __data_start__ = .
 *(.data)
 .data          0x20000000        0x0 c:/ti/gcc_arm_none_eabi_9_2_1/bin/../lib/gcc/arm-none-eabi/9.2.1/thumb/v6-m/nofp/crti.o
 .data          0x20000000        0x4 c:/ti/gcc_arm_none_eabi_9_2_1/bin/../lib/gcc/arm-none-eabi/9.2.1/thumb/v6-m/nofp/crtbegin.o
                0x20000000                __dso_handle
 .data          0x20000004        0x0 c:/ti/gcc_arm_none_eabi_9_2_1/bin/../lib/gcc/arm-none-eabi/9.2.1/../../../../arm-none-eabi/lib/thumb/v6-m/nofp/crt0.o
 .data          0x20000004        0x0 ./valve-sensor.o
 .data          0x20000004        0x0 ./syscfg/ti_msp_dl_config.o
 .data          0x20000004        0x0 ./gcc/startup_mspm0l1306_gcc.o
 .data          0x20000004        0x0 C:/ti/mspm0_sdk_1_10_01_05/source/ti/driverlib/lib/gcc/m0p/mspm0l11xx_l13xx/driverlib.a(dl_common.o)
 .data          0x20000004        0x0 C:/ti/mspm0_sdk_1_10_01_05/source/ti/driverlib/lib/gcc/m0p/mspm0l11xx_l13xx/driverlib.a(dl_spi.o)
 .data          0x20000004        0x0 C:/ti/mspm0_sdk_1_10_01_05/source/ti/driverlib/lib/gcc/m0p/mspm0l11xx_l13xx/driverlib.a(dl_uart.o)
 .data          0x20000004        0x0 c:/ti/gcc_arm_none_eabi_9_2_1/bin/../lib/gcc/arm-none-eabi/9.2.1/thumb/v6-m/nofp\libgcc.a(_udivsi3.o)
 .data          0x20000004        0x0 c:/ti/gcc_arm_none_eabi_9_2_1/bin/../lib/gcc/arm-none-eabi/9.2.1/thumb/v6-m/nofp\libgcc.a(_dvmd_tls.o)
 .data          0x20000004        0x0 C:/ti/gcc_arm_none_eabi_9_2_1/arm-none-eabi/lib/thumb/v6-m/nofp\libc.a(lib_a-exit.o)
 .data          0x20000004        0x0 C:/ti/gcc_arm_none_eabi_9_2_1/arm-none-eabi/lib/thumb/v6-m/nofp\libc.a(lib_a-impure.o)
 .data          0x20000004        0x0 C:/ti/gcc_arm_none_eabi_9_2_1/arm-none-eabi/lib/thumb/v6-m/nofp\libc.a(lib_a-init.o)
 .data          0x20000004        0x0 C:/ti/gcc_arm_none_eabi_9_2_1/arm-none-eabi/lib/thumb/v6-m/nofp\libc.a(lib_a-memset.o)
 .data          0x20000004        0x0 C:/ti/gcc_arm_none_eabi_9_2_1/arm-none-eabi/lib/thumb/v6-m/nofp\libc.a(lib_a-__call_atexit.o)
 .data          0x20000004        0x0 C:/ti/gcc_arm_none_eabi_9_2_1/arm-none-eabi/lib/thumb/v6-m/nofp\libc.a(lib_a-atexit.o)
 .data          0x20000004        0x0 C:/ti/gcc_arm_none_eabi_9_2_1/arm-none-eabi/lib/thumb/v6-m/nofp\libc.a(lib_a-fini.o)
 .data          0x20000004        0x0 C:/ti/gcc_arm_none_eabi_9_2_1/arm-none-eabi/lib/thumb/v6-m/nofp\libc.a(lib_a-lock.o)
 .data          0x20000004        0x0 C:/ti/gcc_arm_none_eabi_9_2_1/arm-none-eabi/lib/thumb/v6-m/nofp\libc.a(lib_a-__atexit.o)
 .data          0x20000004        0x0 C:/ti/gcc_arm_none_eabi_9_2_1/arm-none-eabi/lib/thumb/v6-m/nofp\libnosys.a(_exit.o)
 .data          0x20000004        0x0 c:/ti/gcc_arm_none_eabi_9_2_1/bin/../lib/gcc/arm-none-eabi/9.2.1/thumb/v6-m/nofp/crtend.o
 .data          0x20000004        0x0 c:/ti/gcc_arm_none_eabi_9_2_1/bin/../lib/gcc/arm-none-eabi/9.2.1/thumb/v6-m/nofp/crtn.o
 *(.data*)
 .data._impure_ptr
                0x20000004        0x4 C:/ti/gcc_arm_none_eabi_9_2_1/arm-none-eabi/lib/thumb/v6-m/nofp\libc.a(lib_a-impure.o)
                0x20000004                _impure_ptr
 .data.impure_data
                0x20000008      0x428 C:/ti/gcc_arm_none_eabi_9_2_1/arm-none-eabi/lib/thumb/v6-m/nofp\libc.a(lib_a-impure.o)
 .data.__atexit_recursive_mutex
                0x20000430        0x4 C:/ti/gcc_arm_none_eabi_9_2_1/arm-none-eabi/lib/thumb/v6-m/nofp\libc.a(lib_a-__call_atexit.o)
                0x20000430                __atexit_recursive_mutex
                0x20000438                . = ALIGN (0x8)
 *fill*         0x20000434        0x4 
                0x20000438                __data_end__ = .

.igot.plt       0x20000438        0x0 load address 0x00000e90
 .igot.plt      0x20000438        0x0 c:/ti/gcc_arm_none_eabi_9_2_1/bin/../lib/gcc/arm-none-eabi/9.2.1/thumb/v6-m/nofp/crtbegin.o

.bss            0x20000438       0x40
                0x20000438                __bss_start__ = .
 *(.shbss)
 *(.bss)
 .bss           0x20000438        0x0 c:/ti/gcc_arm_none_eabi_9_2_1/bin/../lib/gcc/arm-none-eabi/9.2.1/thumb/v6-m/nofp/crti.o
 .bss           0x20000438       0x1c c:/ti/gcc_arm_none_eabi_9_2_1/bin/../lib/gcc/arm-none-eabi/9.2.1/thumb/v6-m/nofp/crtbegin.o
 .bss           0x20000454        0x0 c:/ti/gcc_arm_none_eabi_9_2_1/bin/../lib/gcc/arm-none-eabi/9.2.1/../../../../arm-none-eabi/lib/thumb/v6-m/nofp/crt0.o
 .bss           0x20000454        0x0 ./valve-sensor.o
 .bss           0x20000454        0x0 ./syscfg/ti_msp_dl_config.o
 .bss           0x20000454        0x0 ./gcc/startup_mspm0l1306_gcc.o
 .bss           0x20000454        0x0 C:/ti/mspm0_sdk_1_10_01_05/source/ti/driverlib/lib/gcc/m0p/mspm0l11xx_l13xx/driverlib.a(dl_common.o)
 .bss           0x20000454        0x0 C:/ti/mspm0_sdk_1_10_01_05/source/ti/driverlib/lib/gcc/m0p/mspm0l11xx_l13xx/driverlib.a(dl_spi.o)
 .bss           0x20000454        0x0 C:/ti/mspm0_sdk_1_10_01_05/source/ti/driverlib/lib/gcc/m0p/mspm0l11xx_l13xx/driverlib.a(dl_uart.o)
 .bss           0x20000454        0x0 c:/ti/gcc_arm_none_eabi_9_2_1/bin/../lib/gcc/arm-none-eabi/9.2.1/thumb/v6-m/nofp\libgcc.a(_udivsi3.o)
 .bss           0x20000454        0x0 c:/ti/gcc_arm_none_eabi_9_2_1/bin/../lib/gcc/arm-none-eabi/9.2.1/thumb/v6-m/nofp\libgcc.a(_dvmd_tls.o)
 .bss           0x20000454        0x0 C:/ti/gcc_arm_none_eabi_9_2_1/arm-none-eabi/lib/thumb/v6-m/nofp\libc.a(lib_a-exit.o)
 .bss           0x20000454        0x0 C:/ti/gcc_arm_none_eabi_9_2_1/arm-none-eabi/lib/thumb/v6-m/nofp\libc.a(lib_a-impure.o)
 .bss           0x20000454        0x0 C:/ti/gcc_arm_none_eabi_9_2_1/arm-none-eabi/lib/thumb/v6-m/nofp\libc.a(lib_a-init.o)
 .bss           0x20000454        0x0 C:/ti/gcc_arm_none_eabi_9_2_1/arm-none-eabi/lib/thumb/v6-m/nofp\libc.a(lib_a-memset.o)
 .bss           0x20000454        0x0 C:/ti/gcc_arm_none_eabi_9_2_1/arm-none-eabi/lib/thumb/v6-m/nofp\libc.a(lib_a-__call_atexit.o)
 .bss           0x20000454        0x0 C:/ti/gcc_arm_none_eabi_9_2_1/arm-none-eabi/lib/thumb/v6-m/nofp\libc.a(lib_a-atexit.o)
 .bss           0x20000454        0x0 C:/ti/gcc_arm_none_eabi_9_2_1/arm-none-eabi/lib/thumb/v6-m/nofp\libc.a(lib_a-fini.o)
 .bss           0x20000454        0x0 C:/ti/gcc_arm_none_eabi_9_2_1/arm-none-eabi/lib/thumb/v6-m/nofp\libc.a(lib_a-lock.o)
 .bss           0x20000454        0x0 C:/ti/gcc_arm_none_eabi_9_2_1/arm-none-eabi/lib/thumb/v6-m/nofp\libc.a(lib_a-__atexit.o)
 .bss           0x20000454        0x0 C:/ti/gcc_arm_none_eabi_9_2_1/arm-none-eabi/lib/thumb/v6-m/nofp\libnosys.a(_exit.o)
 .bss           0x20000454        0x0 c:/ti/gcc_arm_none_eabi_9_2_1/bin/../lib/gcc/arm-none-eabi/9.2.1/thumb/v6-m/nofp/crtend.o
 .bss           0x20000454        0x0 c:/ti/gcc_arm_none_eabi_9_2_1/bin/../lib/gcc/arm-none-eabi/9.2.1/thumb/v6-m/nofp/crtn.o
 *(.bss.*)
 *(COMMON)
 COMMON         0x20000454       0x21 C:/ti/gcc_arm_none_eabi_9_2_1/arm-none-eabi/lib/thumb/v6-m/nofp\libc.a(lib_a-lock.o)
                0x20000454                __lock___atexit_recursive_mutex
                0x20000458                __lock___arc4random_mutex
                0x2000045c                __lock___env_recursive_mutex
                0x20000460                __lock___sinit_recursive_mutex
                0x20000464                __lock___malloc_recursive_mutex
                0x20000468                __lock___at_quick_exit_mutex
                0x2000046c                __lock___dd_hash_mutex
                0x20000470                __lock___tz_mutex
                0x20000474                __lock___sfp_recursive_mutex
                0x20000478                . = ALIGN (0x4)
 *fill*         0x20000475        0x3 
                0x20000478                __bss_end__ = .

.heap           0x20000478        0x0
                0x20000478                __heap_start__ = .
                0x20000478                end = __heap_start__
                0x20000478                _end = end
                0x20000478                __end = end
 *(.heap)
                0x20000478                __heap_end__ = .
                0x20000478                __HeapLimit = __heap_end__

.stack          0x20000478        0x0
                0x20000478                _stack = .
 *(.stack)

.BCRConfig
 *(.BCRConfig)

.BSLConfig
 *(.BSLConfig)
                0x20001000                __StackTop = (ORIGIN (REGION_STACK) + LENGTH (REGION_STACK))
                0x20001000                PROVIDE (__stack = __StackTop)
LOAD C:/ti/mspm0_sdk_1_10_01_05/source/ti/driverlib/lib/gcc/m0p/mspm0l11xx_l13xx/driverlib.a
LOAD c:/ti/gcc_arm_none_eabi_9_2_1/bin/../lib/gcc/arm-none-eabi/9.2.1/thumb/v6-m/nofp\libgcc.a
LOAD C:/ti/gcc_arm_none_eabi_9_2_1/arm-none-eabi/lib/thumb/v6-m/nofp\libc.a
LOAD C:/ti/gcc_arm_none_eabi_9_2_1/arm-none-eabi/lib/thumb/v6-m/nofp\libm.a
LOAD C:/ti/gcc_arm_none_eabi_9_2_1/arm-none-eabi/lib/thumb/v6-m/nofp\libnosys.a
START GROUP
LOAD c:/ti/gcc_arm_none_eabi_9_2_1/bin/../lib/gcc/arm-none-eabi/9.2.1/thumb/v6-m/nofp\libgcc.a
LOAD C:/ti/gcc_arm_none_eabi_9_2_1/arm-none-eabi/lib/thumb/v6-m/nofp\libg.a
LOAD C:/ti/gcc_arm_none_eabi_9_2_1/arm-none-eabi/lib/thumb/v6-m/nofp\libc.a
END GROUP
LOAD c:/ti/gcc_arm_none_eabi_9_2_1/bin/../lib/gcc/arm-none-eabi/9.2.1/thumb/v6-m/nofp/crtend.o
LOAD c:/ti/gcc_arm_none_eabi_9_2_1/bin/../lib/gcc/arm-none-eabi/9.2.1/thumb/v6-m/nofp/crtn.o
OUTPUT(valve-sensor.out elf32-littlearm)

.ARM.attributes
                0x00000000       0x28
 .ARM.attributes
                0x00000000       0x1e c:/ti/gcc_arm_none_eabi_9_2_1/bin/../lib/gcc/arm-none-eabi/9.2.1/thumb/v6-m/nofp/crti.o
 .ARM.attributes
                0x0000001e       0x2c c:/ti/gcc_arm_none_eabi_9_2_1/bin/../lib/gcc/arm-none-eabi/9.2.1/thumb/v6-m/nofp/crtbegin.o
 .ARM.attributes
                0x0000004a       0x1b c:/ti/gcc_arm_none_eabi_9_2_1/bin/../lib/gcc/arm-none-eabi/9.2.1/../../../../arm-none-eabi/lib/thumb/v6-m/nofp/crt0.o
 .ARM.attributes
                0x00000065       0x2b ./valve-sensor.o
 .ARM.attributes
                0x00000090       0x2b ./syscfg/ti_msp_dl_config.o
 .ARM.attributes
                0x000000bb       0x2b ./gcc/startup_mspm0l1306_gcc.o
 .ARM.attributes
                0x000000e6       0x2b C:/ti/mspm0_sdk_1_10_01_05/source/ti/driverlib/lib/gcc/m0p/mspm0l11xx_l13xx/driverlib.a(dl_common.o)
 .ARM.attributes
                0x00000111       0x2b C:/ti/mspm0_sdk_1_10_01_05/source/ti/driverlib/lib/gcc/m0p/mspm0l11xx_l13xx/driverlib.a(dl_spi.o)
 .ARM.attributes
                0x0000013c       0x2b C:/ti/mspm0_sdk_1_10_01_05/source/ti/driverlib/lib/gcc/m0p/mspm0l11xx_l13xx/driverlib.a(dl_uart.o)
 .ARM.attributes
                0x00000167       0x1e c:/ti/gcc_arm_none_eabi_9_2_1/bin/../lib/gcc/arm-none-eabi/9.2.1/thumb/v6-m/nofp\libgcc.a(_udivsi3.o)
 .ARM.attributes
                0x00000185       0x1e c:/ti/gcc_arm_none_eabi_9_2_1/bin/../lib/gcc/arm-none-eabi/9.2.1/thumb/v6-m/nofp\libgcc.a(_dvmd_tls.o)
 .ARM.attributes
                0x000001a3       0x2c C:/ti/gcc_arm_none_eabi_9_2_1/arm-none-eabi/lib/thumb/v6-m/nofp\libc.a(lib_a-exit.o)
 .ARM.attributes
                0x000001cf       0x2c C:/ti/gcc_arm_none_eabi_9_2_1/arm-none-eabi/lib/thumb/v6-m/nofp\libc.a(lib_a-impure.o)
 .ARM.attributes
                0x000001fb       0x2c C:/ti/gcc_arm_none_eabi_9_2_1/arm-none-eabi/lib/thumb/v6-m/nofp\libc.a(lib_a-init.o)
 .ARM.attributes
                0x00000227       0x2c C:/ti/gcc_arm_none_eabi_9_2_1/arm-none-eabi/lib/thumb/v6-m/nofp\libc.a(lib_a-memset.o)
 .ARM.attributes
                0x00000253       0x2c C:/ti/gcc_arm_none_eabi_9_2_1/arm-none-eabi/lib/thumb/v6-m/nofp\libc.a(lib_a-__call_atexit.o)
 .ARM.attributes
                0x0000027f       0x2c C:/ti/gcc_arm_none_eabi_9_2_1/arm-none-eabi/lib/thumb/v6-m/nofp\libc.a(lib_a-atexit.o)
 .ARM.attributes
                0x000002ab       0x2c C:/ti/gcc_arm_none_eabi_9_2_1/arm-none-eabi/lib/thumb/v6-m/nofp\libc.a(lib_a-fini.o)
 .ARM.attributes
                0x000002d7       0x2c C:/ti/gcc_arm_none_eabi_9_2_1/arm-none-eabi/lib/thumb/v6-m/nofp\libc.a(lib_a-lock.o)
 .ARM.attributes
                0x00000303       0x2c C:/ti/gcc_arm_none_eabi_9_2_1/arm-none-eabi/lib/thumb/v6-m/nofp\libc.a(lib_a-__atexit.o)
 .ARM.attributes
                0x0000032f       0x2c C:/ti/gcc_arm_none_eabi_9_2_1/arm-none-eabi/lib/thumb/v6-m/nofp\libnosys.a(_exit.o)
 .ARM.attributes
                0x0000035b       0x2c c:/ti/gcc_arm_none_eabi_9_2_1/bin/../lib/gcc/arm-none-eabi/9.2.1/thumb/v6-m/nofp/crtend.o
 .ARM.attributes
                0x00000387       0x1e c:/ti/gcc_arm_none_eabi_9_2_1/bin/../lib/gcc/arm-none-eabi/9.2.1/thumb/v6-m/nofp/crtn.o

.comment        0x00000000       0x79
 .comment       0x00000000       0x79 ./valve-sensor.o
                                 0x7a (size before relaxing)
 .comment       0x00000079       0x7a ./syscfg/ti_msp_dl_config.o
 .comment       0x00000079       0x7a ./gcc/startup_mspm0l1306_gcc.o
 .comment       0x00000079       0x7a C:/ti/mspm0_sdk_1_10_01_05/source/ti/driverlib/lib/gcc/m0p/mspm0l11xx_l13xx/driverlib.a(dl_common.o)
 .comment       0x00000079       0x7a C:/ti/mspm0_sdk_1_10_01_05/source/ti/driverlib/lib/gcc/m0p/mspm0l11xx_l13xx/driverlib.a(dl_spi.o)
 .comment       0x00000079       0x7a C:/ti/mspm0_sdk_1_10_01_05/source/ti/driverlib/lib/gcc/m0p/mspm0l11xx_l13xx/driverlib.a(dl_uart.o)

.debug_info     0x00000000     0xa070
 .debug_info    0x00000000     0x47c2 ./valve-sensor.o
 .debug_info    0x000047c2     0x5706 ./syscfg/ti_msp_dl_config.o
 .debug_info    0x00009ec8      0x1a8 ./gcc/startup_mspm0l1306_gcc.o

.debug_abbrev   0x00000000      0x689
 .debug_abbrev  0x00000000      0x258 ./valve-sensor.o
 .debug_abbrev  0x00000258      0x34a ./syscfg/ti_msp_dl_config.o
 .debug_abbrev  0x000005a2       0xe7 ./gcc/startup_mspm0l1306_gcc.o

.debug_aranges  0x00000000       0x90
 .debug_aranges
                0x00000000       0x20 ./valve-sensor.o
 .debug_aranges
                0x00000020       0x48 ./syscfg/ti_msp_dl_config.o
 .debug_aranges
                0x00000068       0x28 ./gcc/startup_mspm0l1306_gcc.o

.debug_ranges   0x00000000      0x288
 .debug_ranges  0x00000000       0x68 ./valve-sensor.o
 .debug_ranges  0x00000068      0x208 ./syscfg/ti_msp_dl_config.o
 .debug_ranges  0x00000270       0x18 ./gcc/startup_mspm0l1306_gcc.o

.debug_line     0x00000000      0xe52
 .debug_line    0x00000000      0x46d ./valve-sensor.o
 .debug_line    0x0000046d      0x880 ./syscfg/ti_msp_dl_config.o
 .debug_line    0x00000ced      0x165 ./gcc/startup_mspm0l1306_gcc.o

.debug_str      0x00000000     0x2759
 .debug_str     0x00000000     0x14a9 ./valve-sensor.o
                               0x1566 (size before relaxing)
 .debug_str     0x000014a9     0x11c3 ./syscfg/ti_msp_dl_config.o
                               0x26be (size before relaxing)
 .debug_str     0x0000266c       0xed ./gcc/startup_mspm0l1306_gcc.o
                                0x282 (size before relaxing)

.debug_frame    0x00000000      0x350
 .debug_frame   0x00000000       0x2c ./valve-sensor.o
 .debug_frame   0x0000002c       0x94 ./syscfg/ti_msp_dl_config.o
 .debug_frame   0x000000c0       0x38 ./gcc/startup_mspm0l1306_gcc.o
 .debug_frame   0x000000f8       0x20 c:/ti/gcc_arm_none_eabi_9_2_1/bin/../lib/gcc/arm-none-eabi/9.2.1/thumb/v6-m/nofp\libgcc.a(_udivsi3.o)
 .debug_frame   0x00000118       0x28 C:/ti/gcc_arm_none_eabi_9_2_1/arm-none-eabi/lib/thumb/v6-m/nofp\libc.a(lib_a-exit.o)
 .debug_frame   0x00000140       0x2c C:/ti/gcc_arm_none_eabi_9_2_1/arm-none-eabi/lib/thumb/v6-m/nofp\libc.a(lib_a-init.o)
 .debug_frame   0x0000016c       0x30 C:/ti/gcc_arm_none_eabi_9_2_1/arm-none-eabi/lib/thumb/v6-m/nofp\libc.a(lib_a-memset.o)
 .debug_frame   0x0000019c       0x54 C:/ti/gcc_arm_none_eabi_9_2_1/arm-none-eabi/lib/thumb/v6-m/nofp\libc.a(lib_a-__call_atexit.o)
 .debug_frame   0x000001f0       0x28 C:/ti/gcc_arm_none_eabi_9_2_1/arm-none-eabi/lib/thumb/v6-m/nofp\libc.a(lib_a-atexit.o)
 .debug_frame   0x00000218       0x2c C:/ti/gcc_arm_none_eabi_9_2_1/arm-none-eabi/lib/thumb/v6-m/nofp\libc.a(lib_a-fini.o)
 .debug_frame   0x00000244       0xb0 C:/ti/gcc_arm_none_eabi_9_2_1/arm-none-eabi/lib/thumb/v6-m/nofp\libc.a(lib_a-lock.o)
 .debug_frame   0x000002f4       0x3c C:/ti/gcc_arm_none_eabi_9_2_1/arm-none-eabi/lib/thumb/v6-m/nofp\libc.a(lib_a-__atexit.o)
 .debug_frame   0x00000330       0x20 C:/ti/gcc_arm_none_eabi_9_2_1/arm-none-eabi/lib/thumb/v6-m/nofp\libnosys.a(_exit.o)

.debug_loc      0x00000000       0x26
 .debug_loc     0x00000000       0x13 ./syscfg/ti_msp_dl_config.o
 .debug_loc     0x00000013       0x13 ./gcc/startup_mspm0l1306_gcc.o
